===========================================
Polynomial degree 1
Running with 32 MPI process(es)
Vectorization over 8 doubles = 512 bits (AVX512)
===========================================
Cycle 0:
	Number of active cells: 4096
	Number of dofs: 4913
	Memory (RSS) [GB] -> Sum: 6.57535 | Avg: 0.20548 | Max: 0.207058
	Number of CG/GMRES iterations: 10


+---------------------------------------------+------------+------------+
| Total wallclock time elapsed since start    |     0.255s |            |
|                                             |            |            |
| Section                         | no. calls |  wall time | % of total |
+---------------------------------+-----------+------------+------------+
| Assemble right-hand side        |         1 |   0.00145s |      0.57% |
| Generate mesh                   |         1 |    0.0311s |        12% |
| Setup                           |         1 |    0.0238s |       9.3% |
| Setup multigrid                 |         1 |    0.0596s |        23% |
| Solve                           |         1 |    0.0252s |       9.9% |
| Solve: 1 multigrid V-cycle      |         1 |   0.00655s |       2.6% |
| Solve: CG/GMRES                 |         1 |   0.00948s |       3.7% |
| Solve: Preconditioner setup     |         1 |   0.00593s |       2.3% |
+---------------------------------+-----------+------------+------------+


Cycle 1:
	Number of active cells: 32768
	Number of dofs: 35937
	Memory (RSS) [GB] -> Sum: 6.7063 | Avg: 0.209572 | Max: 0.211422
	Number of CG/GMRES iterations: 10


+---------------------------------------------+------------+------------+
| Total wallclock time elapsed since start    |     0.358s |            |
|                                             |            |            |
| Section                         | no. calls |  wall time | % of total |
+---------------------------------+-----------+------------+------------+
| Assemble right-hand side        |         1 |   0.00175s |      0.49% |
| Setup                           |         1 |    0.0288s |         8% |
| Setup multigrid                 |         1 |    0.0544s |        15% |
| Solve                           |         1 |    0.0438s |        12% |
| Solve: 1 multigrid V-cycle      |         1 |    0.0103s |       2.9% |
| Solve: CG/GMRES                 |         1 |    0.0216s |         6% |
| Solve: Preconditioner setup     |         1 |   0.00861s |       2.4% |
+---------------------------------+-----------+------------+------------+


Cycle 2:
	Number of active cells: 262144
	Number of dofs: 274625
	Memory (RSS) [GB] -> Sum: 7.18536 | Avg: 0.224542 | Max: 0.226898
	Number of CG/GMRES iterations: 10


+---------------------------------------------+------------+------------+
| Total wallclock time elapsed since start    |      1.61s |            |
|                                             |            |            |
| Section                         | no. calls |  wall time | % of total |
+---------------------------------+-----------+------------+------------+
| Assemble right-hand side        |         1 |   0.00494s |      0.31% |
| Setup                           |         1 |    0.0792s |       4.9% |
| Setup multigrid                 |         1 |      0.11s |       6.8% |
| Solve                           |         1 |      0.17s |        11% |
| Solve: 1 multigrid V-cycle      |         1 |     0.042s |       2.6% |
| Solve: CG/GMRES                 |         1 |     0.102s |       6.3% |
| Solve: Preconditioner setup     |         1 |      0.02s |       1.2% |
+---------------------------------+-----------+------------+------------+


Cycle 3:
	Number of active cells: 2097152
	Number of dofs: 2146689
	Memory (RSS) [GB] -> Sum: 10.6079 | Avg: 0.331496 | Max: 0.335472
	Number of CG/GMRES iterations: 10


+---------------------------------------------+------------+------------+
| Total wallclock time elapsed since start    |      10.7s |            |
|                                             |            |            |
| Section                         | no. calls |  wall time | % of total |
+---------------------------------+-----------+------------+------------+
| Assemble right-hand side        |         1 |    0.0257s |      0.24% |
| Setup                           |         1 |     0.518s |       4.8% |
| Setup multigrid                 |         1 |     0.574s |       5.4% |
| Solve                           |         1 |       1.1s |        10% |
| Solve: 1 multigrid V-cycle      |         1 |     0.284s |       2.6% |
| Solve: CG/GMRES                 |         1 |     0.694s |       6.5% |
| Solve: Preconditioner setup     |         1 |     0.112s |         1% |
+---------------------------------+-----------+------------+------------+


Cycle 4:
	Number of active cells: 16777216
	Number of dofs: 16974593
	Memory (RSS) [GB] -> Sum: 36.5107 | Avg: 1.14096 | Max: 1.15526
	Number of CG/GMRES iterations: 10


+---------------------------------------------+------------+------------+
| Total wallclock time elapsed since start    |      16.6s |            |
|                                             |            |            |
| Section                         | no. calls |  wall time | % of total |
+---------------------------------+-----------+------------+------------+
| Assemble right-hand side        |         1 |     0.189s |       1.1% |
| Setup                           |         1 |      3.74s |        22% |
| Setup multigrid                 |         1 |      3.57s |        21% |
| Solve                           |         1 |      9.14s |        55% |
| Solve: 1 multigrid V-cycle      |         1 |      2.43s |        15% |
| Solve: CG/GMRES                 |         1 |      5.79s |        35% |
| Solve: Preconditioner setup     |         1 |     0.884s |       5.3% |
+---------------------------------+-----------+------------+------------+


===========================================
Polynomial degree 1
Running with 32 MPI process(es)
Vectorization over 8 doubles = 512 bits (AVX512)
===========================================
Cycle 0:
	Number of active cells: 4096
	Number of dofs: 4913
	Memory (RSS) [GB] -> Sum: 6.54105 | Avg: 0.204408 | Max: 0.206322
	Number of CG/GMRES iterations: 10


+---------------------------------------------+------------+------------+
| Total wallclock time elapsed since start    |     0.517s |            |
|                                             |            |            |
| Section                         | no. calls |  wall time | % of total |
+---------------------------------+-----------+------------+------------+
| Assemble right-hand side        |         1 |   0.00211s |      0.41% |
| Generate mesh                   |         1 |      0.28s |        54% |
| Setup                           |         1 |    0.0212s |       4.1% |
| Setup multigrid                 |         1 |    0.0799s |        15% |
| Solve                           |         1 |    0.0357s |       6.9% |
| Solve: 1 multigrid V-cycle      |         1 |    0.0125s |       2.4% |
| Solve: CG/GMRES                 |         1 |    0.0116s |       2.2% |
| Solve: Preconditioner setup     |         1 |   0.00826s |       1.6% |
+---------------------------------+-----------+------------+------------+


Cycle 1:
	Number of active cells: 32768
	Number of dofs: 35937
	Memory (RSS) [GB] -> Sum: 6.67493 | Avg: 0.208592 | Max: 0.210983
	Number of CG/GMRES iterations: 10


+---------------------------------------------+------------+------------+
| Total wallclock time elapsed since start    |     0.304s |            |
|                                             |            |            |
| Section                         | no. calls |  wall time | % of total |
+---------------------------------+-----------+------------+------------+
| Assemble right-hand side        |         1 |   0.00168s |      0.55% |
| Setup                           |         1 |    0.0167s |       5.5% |
| Setup multigrid                 |         1 |    0.0225s |       7.4% |
| Solve                           |         1 |    0.0517s |        17% |
| Solve: 1 multigrid V-cycle      |         1 |    0.0106s |       3.5% |
| Solve: CG/GMRES                 |         1 |     0.027s |       8.9% |
| Solve: Preconditioner setup     |         1 |   0.00666s |       2.2% |
+---------------------------------+-----------+------------+------------+


Cycle 2:
	Number of active cells: 262144
	Number of dofs: 274625
	Memory (RSS) [GB] -> Sum: 7.15652 | Avg: 0.223641 | Max: 0.226658
	Number of CG/GMRES iterations: 10


+---------------------------------------------+------------+------------+
| Total wallclock time elapsed since start    |      1.82s |            |
|                                             |            |            |
| Section                         | no. calls |  wall time | % of total |
+---------------------------------+-----------+------------+------------+
| Assemble right-hand side        |         1 |   0.00522s |      0.29% |
| Setup                           |         1 |    0.0919s |       5.1% |
| Setup multigrid                 |         1 |      0.24s |        13% |
| Solve                           |         1 |      0.18s |       9.9% |
| Solve: 1 multigrid V-cycle      |         1 |    0.0388s |       2.1% |
| Solve: CG/GMRES                 |         1 |      0.11s |       6.1% |
| Solve: Preconditioner setup     |         1 |    0.0249s |       1.4% |
+---------------------------------+-----------+------------+------------+


Cycle 3:
	Number of active cells: 2097152
	Number of dofs: 2146689
	Memory (RSS) [GB] -> Sum: 10.5791 | Avg: 0.330597 | Max: 0.334721
	Number of CG/GMRES iterations: 10


+---------------------------------------------+------------+------------+
| Total wallclock time elapsed since start    |      10.8s |            |
|                                             |            |            |
| Section                         | no. calls |  wall time | % of total |
+---------------------------------+-----------+------------+------------+
| Assemble right-hand side        |         1 |    0.0238s |      0.22% |
| Setup                           |         1 |     0.536s |       4.9% |
| Setup multigrid                 |         1 |     0.584s |       5.4% |
| Solve                           |         1 |      1.15s |        11% |
| Solve: 1 multigrid V-cycle      |         1 |     0.284s |       2.6% |
| Solve: CG/GMRES                 |         1 |     0.744s |       6.9% |
| Solve: Preconditioner setup     |         1 |     0.109s |         1% |
+---------------------------------+-----------+------------+------------+


Cycle 4:
	Number of active cells: 16777216
	Number of dofs: 16974593
	Memory (RSS) [GB] -> Sum: 36.5168 | Avg: 1.14115 | Max: 1.15276
	Number of CG/GMRES iterations: 10


+---------------------------------------------+------------+------------+
| Total wallclock time elapsed since start    |      15.8s |            |
|                                             |            |            |
| Section                         | no. calls |  wall time | % of total |
+---------------------------------+-----------+------------+------------+
| Assemble right-hand side        |         1 |     0.168s |       1.1% |
| Setup                           |         1 |       3.7s |        23% |
| Setup multigrid                 |         1 |      3.57s |        23% |
| Solve                           |         1 |      8.36s |        53% |
| Solve: 1 multigrid V-cycle      |         1 |      2.25s |        14% |
| Solve: CG/GMRES                 |         1 |      5.26s |        33% |
| Solve: Preconditioner setup     |         1 |     0.807s |       5.1% |
+---------------------------------+-----------+------------+------------+


===========================================
Polynomial degree 3
Running with 32 MPI process(es)
Vectorization over 8 doubles = 512 bits (AVX512)
===========================================
Cycle 0:
	Number of active cells: 4096
	Number of dofs: 117649
	Memory (RSS) [GB] -> Sum: 6.61924 | Avg: 0.206851 | Max: 0.209663
	Number of CG/GMRES iterations: 11


+---------------------------------------------+------------+------------+
| Total wallclock time elapsed since start    |      1.25s |            |
|                                             |            |            |
| Section                         | no. calls |  wall time | % of total |
+---------------------------------+-----------+------------+------------+
| Assemble right-hand side        |         1 |    0.0539s |       4.3% |
| Generate mesh                   |         1 |     0.318s |        25% |
| Setup                           |         1 |    0.0522s |       4.2% |
| Setup multigrid                 |         1 |     0.203s |        16% |
| Solve                           |         1 |     0.462s |        37% |
| Solve: 1 multigrid V-cycle      |         1 |     0.155s |        12% |
| Solve: CG/GMRES                 |         1 |     0.079s |       6.3% |
| Solve: Preconditioner setup     |         1 |      0.21s |        17% |
+---------------------------------+-----------+------------+------------+


Cycle 1:
	Number of active cells: 32768
	Number of dofs: 912673
	Memory (RSS) [GB] -> Sum: 6.94475 | Avg: 0.217023 | Max: 0.220131
	Number of CG/GMRES iterations: 10


+---------------------------------------------+------------+------------+
| Total wallclock time elapsed since start    |      2.03s |            |
|                                             |            |            |
| Section                         | no. calls |  wall time | % of total |
+---------------------------------+-----------+------------+------------+
| Assemble right-hand side        |         1 |    0.0779s |       3.8% |
| Setup                           |         1 |     0.166s |       8.2% |
| Setup multigrid                 |         1 |     0.401s |        20% |
| Solve                           |         1 |     0.895s |        44% |
| Solve: 1 multigrid V-cycle      |         1 |     0.384s |        19% |
| Solve: CG/GMRES                 |         1 |     0.343s |        17% |
| Solve: Preconditioner setup     |         1 |      0.14s |       6.9% |
+---------------------------------+-----------+------------+------------+


Cycle 2:
	Number of active cells: 262144
	Number of dofs: 7189057
	Memory (RSS) [GB] -> Sum: 8.82352 | Avg: 0.275735 | Max: 0.279652
	Number of CG/GMRES iterations: 10


+---------------------------------------------+------------+------------+
| Total wallclock time elapsed since start    |      6.17s |            |
|                                             |            |            |
| Section                         | no. calls |  wall time | % of total |
+---------------------------------+-----------+------------+------------+
| Assemble right-hand side        |         1 |    0.0441s |      0.71% |
| Setup                           |         1 |     0.371s |         6% |
| Setup multigrid                 |         1 |      1.16s |        19% |
| Solve                           |         1 |      2.61s |        42% |
| Solve: 1 multigrid V-cycle      |         1 |     0.691s |        11% |
| Solve: CG/GMRES                 |         1 |      1.66s |        27% |
| Solve: Preconditioner setup     |         1 |     0.197s |       3.2% |
+---------------------------------+-----------+------------+------------+


Cycle 3:
	Number of active cells: 2097152
	Number of dofs: 57066625
	Memory (RSS) [GB] -> Sum: 23.2004 | Avg: 0.725013 | Max: 0.73407
	Number of CG/GMRES iterations: 10


+---------------------------------------------+------------+------------+
| Total wallclock time elapsed since start    |      38.3s |            |
|                                             |            |            |
| Section                         | no. calls |  wall time | % of total |
+---------------------------------+-----------+------------+------------+
| Assemble right-hand side        |         1 |     0.427s |       1.1% |
| Setup                           |         1 |      1.94s |       5.1% |
| Setup multigrid                 |         1 |      5.75s |        15% |
| Solve                           |         1 |      19.9s |        52% |
| Solve: 1 multigrid V-cycle      |         1 |      5.58s |        15% |
| Solve: CG/GMRES                 |         1 |      12.6s |        33% |
| Solve: Preconditioner setup     |         1 |      1.43s |       3.7% |
+---------------------------------+-----------+------------+------------+


===========================================
Polynomial degree 3
Running with 32 MPI process(es)
Vectorization over 8 doubles = 512 bits (AVX512)
===========================================
Cycle 0:
	Number of active cells: 4096
	Number of dofs: 117649
	Memory (RSS) [GB] -> Sum: 6.63877 | Avg: 0.207462 | Max: 0.209286
	Number of CG/GMRES iterations: 11


+---------------------------------------------+------------+------------+
| Total wallclock time elapsed since start    |      2.07s |            |
|                                             |            |            |
| Section                         | no. calls |  wall time | % of total |
+---------------------------------+-----------+------------+------------+
| Assemble right-hand side        |         1 |    0.0397s |       1.9% |
| Generate mesh                   |         1 |     0.734s |        36% |
| Setup                           |         1 |     0.145s |         7% |
| Setup multigrid                 |         1 |     0.156s |       7.5% |
| Solve                           |         1 |     0.779s |        38% |
| Solve: 1 multigrid V-cycle      |         1 |     0.379s |        18% |
| Solve: CG/GMRES                 |         1 |     0.327s |        16% |
| Solve: Preconditioner setup     |         1 |    0.0555s |       2.7% |
+---------------------------------+-----------+------------+------------+


Cycle 1:
	Number of active cells: 32768
	Number of dofs: 912673
	Memory (RSS) [GB] -> Sum: 6.96151 | Avg: 0.217547 | Max: 0.219784
	Number of CG/GMRES iterations: 10


+---------------------------------------------+------------+------------+
| Total wallclock time elapsed since start    |      2.29s |            |
|                                             |            |            |
| Section                         | no. calls |  wall time | % of total |
+---------------------------------+-----------+------------+------------+
| Assemble right-hand side        |         1 |      0.06s |       2.6% |
| Setup                           |         1 |     0.114s |         5% |
| Setup multigrid                 |         1 |     0.214s |       9.3% |
| Solve                           |         1 |      1.41s |        61% |
| Solve: 1 multigrid V-cycle      |         1 |     0.413s |        18% |
| Solve: CG/GMRES                 |         1 |     0.629s |        27% |
| Solve: Preconditioner setup     |         1 |      0.31s |        14% |
+---------------------------------+-----------+------------+------------+


Cycle 2:
	Number of active cells: 262144
	Number of dofs: 7189057
	Memory (RSS) [GB] -> Sum: 8.8451 | Avg: 0.27641 | Max: 0.278904
	Number of CG/GMRES iterations: 10


+---------------------------------------------+------------+------------+
| Total wallclock time elapsed since start    |      6.13s |            |
|                                             |            |            |
| Section                         | no. calls |  wall time | % of total |
+---------------------------------+-----------+------------+------------+
| Assemble right-hand side        |         1 |    0.0809s |       1.3% |
| Setup                           |         1 |     0.453s |       7.4% |
| Setup multigrid                 |         1 |      1.05s |        17% |
| Solve                           |         1 |      2.92s |        48% |
| Solve: 1 multigrid V-cycle      |         1 |      0.78s |        13% |
| Solve: CG/GMRES                 |         1 |      1.66s |        27% |
| Solve: Preconditioner setup     |         1 |     0.429s |         7% |
+---------------------------------+-----------+------------+------------+


Cycle 3:
	Number of active cells: 2097152
	Number of dofs: 57066625
	Memory (RSS) [GB] -> Sum: 23.2092 | Avg: 0.725286 | Max: 0.734035
	Number of CG/GMRES iterations: 10


+---------------------------------------------+------------+------------+
| Total wallclock time elapsed since start    |      35.2s |            |
|                                             |            |            |
| Section                         | no. calls |  wall time | % of total |
+---------------------------------+-----------+------------+------------+
| Assemble right-hand side        |         1 |     0.326s |      0.92% |
| Setup                           |         1 |      2.14s |       6.1% |
| Setup multigrid                 |         1 |      5.24s |        15% |
| Solve                           |         1 |      18.1s |        51% |
| Solve: 1 multigrid V-cycle      |         1 |      5.34s |        15% |
| Solve: CG/GMRES                 |         1 |      11.5s |        33% |
| Solve: Preconditioner setup     |         1 |      1.07s |         3% |
+---------------------------------+-----------+------------+------------+


===========================================
Polynomial degree 4
Running with 32 MPI process(es)
Vectorization over 8 doubles = 512 bits (AVX512)
===========================================
Cycle 0:
	Number of active cells: 4096
	Number of dofs: 274625
	Memory (RSS) [GB] -> Sum: 6.65212 | Avg: 0.207879 | Max: 0.210289
	Number of CG/GMRES iterations: 11


+---------------------------------------------+------------+------------+
| Total wallclock time elapsed since start    |     0.538s |            |
|                                             |            |            |
| Section                         | no. calls |  wall time | % of total |
+---------------------------------+-----------+------------+------------+
| Assemble right-hand side        |         1 |    0.0117s |       2.2% |
| Generate mesh                   |         1 |    0.0847s |        16% |
| Setup                           |         1 |    0.0456s |       8.5% |
| Setup multigrid                 |         1 |      0.12s |        22% |
| Solve                           |         1 |     0.195s |        36% |
| Solve: 1 multigrid V-cycle      |         1 |    0.0829s |        15% |
| Solve: CG/GMRES                 |         1 |    0.0699s |        13% |
| Solve: Preconditioner setup     |         1 |    0.0259s |       4.8% |
+---------------------------------+-----------+------------+------------+


Cycle 1:
	Number of active cells: 32768
	Number of dofs: 2146689
	Memory (RSS) [GB] -> Sum: 7.21174 | Avg: 0.225367 | Max: 0.22784
	Number of CG/GMRES iterations: 11


+---------------------------------------------+------------+------------+
| Total wallclock time elapsed since start    |     0.955s |            |
|                                             |            |            |
| Section                         | no. calls |  wall time | % of total |
+---------------------------------+-----------+------------+------------+
| Assemble right-hand side        |         1 |    0.0144s |       1.5% |
| Setup                           |         1 |    0.0607s |       6.4% |
| Setup multigrid                 |         1 |     0.197s |        21% |
| Solve                           |         1 |     0.476s |        50% |
| Solve: 1 multigrid V-cycle      |         1 |     0.117s |        12% |
| Solve: CG/GMRES                 |         1 |      0.31s |        32% |
| Solve: Preconditioner setup     |         1 |    0.0323s |       3.4% |
+---------------------------------+-----------+------------+------------+


Cycle 2:
	Number of active cells: 262144
	Number of dofs: 16974593
	Memory (RSS) [GB] -> Sum: 10.8782 | Avg: 0.339945 | Max: 0.345154
	Number of CG/GMRES iterations: 11


+---------------------------------------------+------------+------------+
| Total wallclock time elapsed since start    |      6.66s |            |
|                                             |            |            |
| Section                         | no. calls |  wall time | % of total |
+---------------------------------+-----------+------------+------------+
| Assemble right-hand side        |         1 |    0.0788s |       1.2% |
| Setup                           |         1 |     0.349s |       5.2% |
| Setup multigrid                 |         1 |      1.28s |        19% |
| Solve                           |         1 |       3.7s |        55% |
| Solve: 1 multigrid V-cycle      |         1 |     0.918s |        14% |
| Solve: CG/GMRES                 |         1 |      2.54s |        38% |
| Solve: Preconditioner setup     |         1 |     0.172s |       2.6% |
+---------------------------------+-----------+------------+------------+


===========================================
Polynomial degree 4
Running with 32 MPI process(es)
Vectorization over 8 doubles = 512 bits (AVX512)
===========================================
Cycle 0:
	Number of active cells: 4096
	Number of dofs: 274625
	Memory (RSS) [GB] -> Sum: 6.66333 | Avg: 0.208229 | Max: 0.210434
	Number of CG/GMRES iterations: 11


+---------------------------------------------+------------+------------+
| Total wallclock time elapsed since start    |     0.566s |            |
|                                             |            |            |
| Section                         | no. calls |  wall time | % of total |
+---------------------------------+-----------+------------+------------+
| Assemble right-hand side        |         1 |   0.00746s |       1.3% |
| Generate mesh                   |         1 |     0.095s |        17% |
| Setup                           |         1 |    0.0584s |        10% |
| Setup multigrid                 |         1 |     0.104s |        18% |
| Solve                           |         1 |     0.201s |        36% |
| Solve: 1 multigrid V-cycle      |         1 |    0.0885s |        16% |
| Solve: CG/GMRES                 |         1 |    0.0775s |        14% |
| Solve: Preconditioner setup     |         1 |     0.019s |       3.4% |
+---------------------------------+-----------+------------+------------+


Cycle 1:
	Number of active cells: 32768
	Number of dofs: 2146689
	Memory (RSS) [GB] -> Sum: 7.22556 | Avg: 0.225799 | Max: 0.228207
	Number of CG/GMRES iterations: 11


+---------------------------------------------+------------+------------+
| Total wallclock time elapsed since start    |     0.996s |            |
|                                             |            |            |
| Section                         | no. calls |  wall time | % of total |
+---------------------------------+-----------+------------+------------+
| Assemble right-hand side        |         1 |    0.0147s |       1.5% |
| Setup                           |         1 |    0.0664s |       6.7% |
| Setup multigrid                 |         1 |      0.21s |        21% |
| Solve                           |         1 |     0.494s |        50% |
| Solve: 1 multigrid V-cycle      |         1 |     0.114s |        11% |
| Solve: CG/GMRES                 |         1 |     0.331s |        33% |
| Solve: Preconditioner setup     |         1 |    0.0307s |       3.1% |
+---------------------------------+-----------+------------+------------+


Cycle 2:
	Number of active cells: 262144
	Number of dofs: 16974593
	Memory (RSS) [GB] -> Sum: 10.8819 | Avg: 0.340059 | Max: 0.344803
	Number of CG/GMRES iterations: 11


+---------------------------------------------+------------+------------+
| Total wallclock time elapsed since start    |       6.8s |            |
|                                             |            |            |
| Section                         | no. calls |  wall time | % of total |
+---------------------------------+-----------+------------+------------+
| Assemble right-hand side        |         1 |    0.0838s |       1.2% |
| Setup                           |         1 |      0.35s |       5.2% |
| Setup multigrid                 |         1 |      1.29s |        19% |
| Solve                           |         1 |       3.8s |        56% |
| Solve: 1 multigrid V-cycle      |         1 |     0.956s |        14% |
| Solve: CG/GMRES                 |         1 |       2.6s |        38% |
| Solve: Preconditioner setup     |         1 |     0.177s |       2.6% |
+---------------------------------+-----------+------------+------------+


===========================================
Polynomial degree 5
Running with 32 MPI process(es)
Vectorization over 8 doubles = 512 bits (AVX512)
===========================================
Cycle 0:
	Number of active cells: 4096
	Number of dofs: 531441
	Memory (RSS) [GB] -> Sum: 6.73406 | Avg: 0.210439 | Max: 0.212322
	Number of CG/GMRES iterations: 11


+---------------------------------------------+------------+------------+
| Total wallclock time elapsed since start    |      1.92s |            |
|                                             |            |            |
| Section                         | no. calls |  wall time | % of total |
+---------------------------------+-----------+------------+------------+
| Assemble right-hand side        |         1 |    0.0616s |       3.2% |
| Generate mesh                   |         1 |     0.617s |        32% |
| Setup                           |         1 |    0.0823s |       4.3% |
| Setup multigrid                 |         1 |     0.309s |        16% |
| Solve                           |         1 |     0.653s |        34% |
| Solve: 1 multigrid V-cycle      |         1 |     0.114s |         6% |
| Solve: CG/GMRES                 |         1 |     0.398s |        21% |
| Solve: Preconditioner setup     |         1 |     0.104s |       5.4% |
+---------------------------------+-----------+------------+------------+


Cycle 1:
	Number of active cells: 32768
	Number of dofs: 4173281
	Memory (RSS) [GB] -> Sum: 7.65258 | Avg: 0.239143 | Max: 0.240902

	Number of CG/GMRES iterations: 11


+---------------------------------------------+------------+------------+
| Total wallclock time elapsed since start    |      3.24s |            |
|                                             |            |            |
| Section                         | no. calls |  wall time | % of total |
+---------------------------------+-----------+------------+------------+
| Assemble right-hand side        |         1 |    0.0526s |       1.6% |
| Setup                           |         1 |     0.144s |       4.5% |
| Setup multigrid                 |         1 |      1.13s |        35% |
| Solve                           |         1 |      1.51s |        47% |
| Solve: 1 multigrid V-cycle      |         1 |     0.422s |        13% |
| Solve: CG/GMRES                 |         1 |     0.884s |        27% |
| Solve: Preconditioner setup     |         1 |     0.167s |       5.2% |
+---------------------------------+-----------+------------+------------+


Cycle 2:
	Number of active cells: 262144
	Number of dofs: 33076161
	Memory (RSS) [GB] -> Sum: 14.033 | Avg: 0.438532 | Max: 0.444611
	Number of CG/GMRES iterations: 11


+---------------------------------------------+------------+------------+
| Total wallclock time elapsed since start    |      19.9s |            |
|                                             |            |            |
| Section                         | no. calls |  wall time | % of total |
+---------------------------------+-----------+------------+------------+
| Assemble right-hand side        |         1 |     0.224s |       1.1% |
| Setup                           |         1 |     0.773s |       3.9% |
| Setup multigrid                 |         1 |       5.5s |        28% |
| Solve                           |         1 |      11.5s |        58% |
| Solve: 1 multigrid V-cycle      |         1 |      2.98s |        15% |
| Solve: CG/GMRES                 |         1 |      7.88s |        40% |
| Solve: Preconditioner setup     |         1 |     0.444s |       2.2% |
+---------------------------------+-----------+------------+------------+


===========================================
Polynomial degree 5
Running with 32 MPI process(es)
Vectorization over 8 doubles = 512 bits (AVX512)
===========================================
Cycle 0:
	Number of active cells: 4096
	Number of dofs: 531441
	Memory (RSS) [GB] -> Sum: 6.73048 | Avg: 0.210328 | Max: 0.213039
	Number of CG/GMRES iterations: 11


+---------------------------------------------+------------+------------+
| Total wallclock time elapsed since start    |      2.76s |            |
|                                             |            |            |
| Section                         | no. calls |  wall time | % of total |
+---------------------------------+-----------+------------+------------+
| Assemble right-hand side        |         1 |    0.0123s |      0.44% |
| Generate mesh                   |         1 |     0.473s |        17% |
| Setup                           |         1 |    0.0794s |       2.9% |
| Setup multigrid                 |         1 |     0.283s |        10% |
| Solve                           |         1 |      1.72s |        62% |
| Solve: 1 multigrid V-cycle      |         1 |     0.741s |        27% |
| Solve: CG/GMRES                 |         1 |     0.889s |        32% |
| Solve: Preconditioner setup     |         1 |    0.0514s |       1.9% |
+---------------------------------+-----------+------------+------------+


Cycle 1:
	Number of active cells: 32768
	Number of dofs: 4173281
	Memory (RSS) [GB] -> Sum: 7.64485 | Avg: 0.238901 | Max: 0.24184
	Number of CG/GMRES iterations: 11


+---------------------------------------------+------------+------------+
| Total wallclock time elapsed since start    |      5.02s |            |
|                                             |            |            |
| Section                         | no. calls |  wall time | % of total |
+---------------------------------+-----------+------------+------------+
| Assemble right-hand side        |         1 |     0.106s |       2.1% |
| Setup                           |         1 |     0.224s |       4.5% |
| Setup multigrid                 |         1 |      1.07s |        21% |
| Solve                           |         1 |      2.87s |        57% |
| Solve: 1 multigrid V-cycle      |         1 |     0.993s |        20% |
| Solve: CG/GMRES                 |         1 |      1.33s |        26% |
| Solve: Preconditioner setup     |         1 |     0.419s |       8.3% |
+---------------------------------+-----------+------------+------------+


Cycle 2:
	Number of active cells: 262144
	Number of dofs: 33076161
	Memory (RSS) [GB] -> Sum: 14.0304 | Avg: 0.438452 | Max: 0.446278
	Number of CG/GMRES iterations: 11


+---------------------------------------------+------------+------------+
| Total wallclock time elapsed since start    |      17.4s |            |
|                                             |            |            |
| Section                         | no. calls |  wall time | % of total |
+---------------------------------+-----------+------------+------------+
| Assemble right-hand side        |         1 |     0.237s |       1.4% |
| Setup                           |         1 |     0.827s |       4.7% |
| Setup multigrid                 |         1 |         5s |        29% |
| Solve                           |         1 |      9.36s |        54% |
| Solve: 1 multigrid V-cycle      |         1 |      2.38s |        14% |
| Solve: CG/GMRES                 |         1 |      6.34s |        36% |
| Solve: Preconditioner setup     |         1 |     0.453s |       2.6% |
+---------------------------------+-----------+------------+------------+


===========================================
Polynomial degree 6
Running with 32 MPI process(es)
Vectorization over 8 doubles = 512 bits (AVX512)
===========================================
Cycle 0:
	Number of active cells: 4096
	Number of dofs: 912673
	Memory (RSS) [GB] -> Sum: 6.84784 | Avg: 0.213995 | Max: 0.216141
	Number of CG/GMRES iterations: 11


+---------------------------------------------+------------+------------+
| Total wallclock time elapsed since start    |      1.05s |            |
|                                             |            |            |
| Section                         | no. calls |  wall time | % of total |
+---------------------------------+-----------+------------+------------+
| Assemble right-hand side        |         1 |    0.0113s |       1.1% |
| Generate mesh                   |         1 |     0.285s |        27% |
| Setup                           |         1 |     0.085s |       8.1% |
| Setup multigrid                 |         1 |      0.22s |        21% |
| Solve                           |         1 |     0.363s |        35% |
| Solve: 1 multigrid V-cycle      |         1 |     0.106s |        10% |
| Solve: CG/GMRES                 |         1 |      0.21s |        20% |
| Solve: Preconditioner setup     |         1 |    0.0234s |       2.2% |
+---------------------------------+-----------+------------+------------+


Cycle 1:
	Number of active cells: 32768
	Number of dofs: 7189057
	Memory (RSS) [GB] -> Sum: 8.27708 | Avg: 0.258659 | Max: 0.262321
	Number of CG/GMRES iterations: 11


+---------------------------------------------+------------+------------+
| Total wallclock time elapsed since start    |      3.13s |            |
|                                             |            |            |
| Section                         | no. calls |  wall time | % of total |
+---------------------------------+-----------+------------+------------+
| Assemble right-hand side        |         1 |    0.0403s |       1.3% |
| Setup                           |         1 |     0.126s |         4% |
| Setup multigrid                 |         1 |      1.02s |        33% |
| Solve                           |         1 |      1.72s |        55% |
| Solve: 1 multigrid V-cycle      |         1 |      0.47s |        15% |
| Solve: CG/GMRES                 |         1 |      1.13s |        36% |
| Solve: Preconditioner setup     |         1 |    0.0671s |       2.1% |
+---------------------------------+-----------+------------+------------+


Cycle 2:
	Number of active cells: 262144
	Number of dofs: 57066625
	Memory (RSS) [GB] -> Sum: 18.5397 | Avg: 0.579367 | Max: 0.588749
	Number of CG/GMRES iterations: 11


+---------------------------------------------+------------+------------+
| Total wallclock time elapsed since start    |      23.3s |            |
|                                             |            |            |
| Section                         | no. calls |  wall time | % of total |
+---------------------------------+-----------+------------+------------+
| Assemble right-hand side        |         1 |     0.265s |       1.1% |
| Setup                           |         1 |     0.746s |       3.2% |
| Setup multigrid                 |         1 |      7.82s |        34% |
| Solve                           |         1 |      13.1s |        56% |
| Solve: 1 multigrid V-cycle      |         1 |       3.7s |        16% |
| Solve: CG/GMRES                 |         1 |      8.62s |        37% |
| Solve: Preconditioner setup     |         1 |     0.564s |       2.4% |
+---------------------------------+-----------+------------+------------+


===========================================
Polynomial degree 6
Running with 32 MPI process(es)
Vectorization over 8 doubles = 512 bits (AVX512)
===========================================
Cycle 0:
	Number of active cells: 4096
	Number of dofs: 912673
	Memory (RSS) [GB] -> Sum: 6.85928 | Avg: 0.214352 | Max: 0.216637
	Number of CG/GMRES iterations: 11


+---------------------------------------------+------------+------------+
| Total wallclock time elapsed since start    |      2.58s |            |
|                                             |            |            |
| Section                         | no. calls |  wall time | % of total |
+---------------------------------+-----------+------------+------------+
| Assemble right-hand side        |         1 |    0.0311s |       1.2% |
| Generate mesh                   |         1 |     0.861s |        33% |
| Setup                           |         1 |     0.104s |         4% |
| Setup multigrid                 |         1 |     0.497s |        19% |
| Solve                           |         1 |     0.674s |        26% |
| Solve: 1 multigrid V-cycle      |         1 |     0.141s |       5.5% |
| Solve: CG/GMRES                 |         1 |      0.29s |        11% |
| Solve: Preconditioner setup     |         1 |     0.214s |       8.3% |
+---------------------------------+-----------+------------+------------+


Cycle 1:
	Number of active cells: 32768
	Number of dofs: 7189057
	Memory (RSS) [GB] -> Sum: 8.28988 | Avg: 0.259059 | Max: 0.26297
	Number of CG/GMRES iterations: 11


+---------------------------------------------+------------+------------+
| Total wallclock time elapsed since start    |      3.76s |            |
|                                             |            |            |
| Section                         | no. calls |  wall time | % of total |
+---------------------------------+-----------+------------+------------+
| Assemble right-hand side        |         1 |    0.0438s |       1.2% |
| Setup                           |         1 |      0.23s |       6.1% |
| Setup multigrid                 |         1 |      1.42s |        38% |
| Solve                           |         1 |      1.64s |        44% |
| Solve: 1 multigrid V-cycle      |         1 |     0.416s |        11% |
| Solve: CG/GMRES                 |         1 |      1.11s |        30% |
| Solve: Preconditioner setup     |         1 |    0.0614s |       1.6% |
+---------------------------------+-----------+------------+------------+


Cycle 2:
	Number of active cells: 262144
	Number of dofs: 57066625
	Memory (RSS) [GB] -> Sum: 18.5337 | Avg: 0.579179 | Max: 0.588051
	Number of CG/GMRES iterations: 11


+---------------------------------------------+------------+------------+
| Total wallclock time elapsed since start    |      26.9s |            |
|                                             |            |            |
| Section                         | no. calls |  wall time | % of total |
+---------------------------------+-----------+------------+------------+
| Assemble right-hand side        |         1 |     0.327s |       1.2% |
| Setup                           |         1 |      1.02s |       3.8% |
| Setup multigrid                 |         1 |      9.17s |        34% |
| Solve                           |         1 |      14.9s |        55% |
| Solve: 1 multigrid V-cycle      |         1 |      3.98s |        15% |
| Solve: CG/GMRES                 |         1 |      10.1s |        38% |
| Solve: Preconditioner setup     |         1 |     0.541s |         2% |
+---------------------------------+-----------+------------+------------+


===========================================
Polynomial degree 7
Running with 32 MPI process(es)
Vectorization over 8 doubles = 512 bits (AVX512)
===========================================
Cycle 0:
	Number of active cells: 4096
	Number of dofs: 1442897
	Memory (RSS) [GB] -> Sum: 6.96805 | Avg: 0.217752 | Max: 0.22028
	Number of CG/GMRES iterations: 11


+---------------------------------------------+------------+------------+
| Total wallclock time elapsed since start    |      1.05s |            |
|                                             |            |            |
| Section                         | no. calls |  wall time | % of total |
+---------------------------------+-----------+------------+------------+
| Assemble right-hand side        |         1 |    0.0153s |       1.5% |
| Generate mesh                   |         1 |      0.06s |       5.7% |
| Setup                           |         1 |     0.106s |        10% |
| Setup multigrid                 |         1 |     0.368s |        35% |
| Solve                           |         1 |     0.422s |        40% |
| Solve: 1 multigrid V-cycle      |         1 |       0.1s |       9.6% |
| Solve: CG/GMRES                 |         1 |     0.272s |        26% |
| Solve: Preconditioner setup     |         1 |    0.0286s |       2.7% |
+---------------------------------+-----------+------------+------------+


Cycle 1:
	Number of active cells: 32768
	Number of dofs: 11390625
	Memory (RSS) [GB] -> Sum: 9.08748 | Avg: 0.283984 | Max: 0.286465
	Number of CG/GMRES iterations: 11


+---------------------------------------------+------------+------------+
| Total wallclock time elapsed since start    |      5.57s |            |
|                                             |            |            |
| Section                         | no. calls |  wall time | % of total |
+---------------------------------+-----------+------------+------------+
| Assemble right-hand side        |         1 |    0.0663s |       1.2% |
| Setup                           |         1 |     0.175s |       3.1% |
| Setup multigrid                 |         1 |      2.48s |        44% |
| Solve                           |         1 |      2.63s |        47% |
| Solve: 1 multigrid V-cycle      |         1 |     0.723s |        13% |
| Solve: CG/GMRES                 |         1 |      1.73s |        31% |
| Solve: Preconditioner setup     |         1 |    0.0949s |       1.7% |
+---------------------------------+-----------+------------+------------+


===========================================
Polynomial degree 7
Running with 32 MPI process(es)
Vectorization over 8 doubles = 512 bits (AVX512)
===========================================
Cycle 0:
	Number of active cells: 4096
	Number of dofs: 1442897
	Memory (RSS) [GB] -> Sum: 6.97686 | Avg: 0.218027 | Max: 0.221088
	Number of CG/GMRES iterations: 11


+---------------------------------------------+------------+------------+
| Total wallclock time elapsed since start    |      1.04s |            |
|                                             |            |            |
| Section                         | no. calls |  wall time | % of total |
+---------------------------------+-----------+------------+------------+
| Assemble right-hand side        |         1 |    0.0155s |       1.5% |
| Generate mesh                   |         1 |    0.0557s |       5.3% |
| Setup                           |         1 |     0.102s |       9.8% |
| Setup multigrid                 |         1 |     0.351s |        34% |
| Solve                           |         1 |     0.437s |        42% |
| Solve: 1 multigrid V-cycle      |         1 |     0.109s |        10% |
| Solve: CG/GMRES                 |         1 |     0.276s |        26% |
| Solve: Preconditioner setup     |         1 |    0.0321s |       3.1% |
+---------------------------------+-----------+------------+------------+


Cycle 1:
	Number of active cells: 32768
	Number of dofs: 11390625
	Memory (RSS) [GB] -> Sum: 9.10519 | Avg: 0.284537 | Max: 0.28878
	Number of CG/GMRES iterations: 11


+---------------------------------------------+------------+------------+
| Total wallclock time elapsed since start    |      5.03s |            |
|                                             |            |            |
| Section                         | no. calls |  wall time | % of total |
+---------------------------------+-----------+------------+------------+
| Assemble right-hand side        |         1 |    0.0597s |       1.2% |
| Setup                           |         1 |      0.16s |       3.2% |
| Setup multigrid                 |         1 |      2.22s |        44% |
| Solve                           |         1 |      2.37s |        47% |
| Solve: 1 multigrid V-cycle      |         1 |     0.577s |        11% |
| Solve: CG/GMRES                 |         1 |      1.64s |        33% |
| Solve: Preconditioner setup     |         1 |    0.0821s |       1.6% |
+---------------------------------+-----------+------------+------------+