===========================================
Polynomial degree 2
Running with 1 MPI process(es)
Vectorization over 8 doubles = 512 bits (AVX512)
===========================================
Cycle 0:
	Number of active cells: 2097152
	Number of dofs: 16974593
	Memory (RSS) [GB] -> Sum: 7.32129 | Avg: 7.32129 | Max: 7.32129
	Number of CG/GMRES iterations: 11


+---------------------------------------------+------------+------------+
| Total wallclock time elapsed since start    |       140s |            |
|                                             |            |            |
| Section                         | no. calls |  wall time | % of total |
+---------------------------------+-----------+------------+------------+
| Assemble right-hand side        |         1 |      1.77s |       1.3% |
| Generate mesh                   |         1 |      17.3s |        12% |
| Setup                           |         1 |      15.3s |        11% |
| Setup multigrid                 |         1 |        23s |        16% |
| Solve                           |         1 |      82.9s |        59% |
| Solve: 1 multigrid V-cycle      |         1 |        22s |        16% |
| Solve: CG/GMRES                 |         1 |      52.6s |        38% |
| Solve: Preconditioner setup     |         1 |      8.02s |       5.7% |
+---------------------------------+-----------+------------+------------+


===========================================
Polynomial degree 2
Running with 1 MPI process(es)
Vectorization over 8 doubles = 512 bits (AVX512)
===========================================
Cycle 0:
	Number of active cells: 2097152
	Number of dofs: 16974593
	Memory (RSS) [GB] -> Sum: 7.32308 | Avg: 7.32308 | Max: 7.32308
	Number of CG/GMRES iterations: 11


+---------------------------------------------+------------+------------+
| Total wallclock time elapsed since start    |       144s |            |
|                                             |            |            |
| Section                         | no. calls |  wall time | % of total |
+---------------------------------+-----------+------------+------------+
| Assemble right-hand side        |         1 |      1.72s |       1.2% |
| Generate mesh                   |         1 |        21s |        15% |
| Setup                           |         1 |      15.5s |        11% |
| Setup multigrid                 |         1 |      25.4s |        18% |
| Solve                           |         1 |      80.6s |        56% |
| Solve: 1 multigrid V-cycle      |         1 |      19.8s |        14% |
| Solve: CG/GMRES                 |         1 |        53s |        37% |
| Solve: Preconditioner setup     |         1 |       7.5s |       5.2% |
+---------------------------------+-----------+------------+------------+


===========================================
Polynomial degree 2
Running with 2 MPI process(es)
Vectorization over 8 doubles = 512 bits (AVX512)
===========================================
Cycle 0:
	Number of active cells: 2097152
	Number of dofs: 16974593
	Memory (RSS) [GB] -> Sum: 7.57875 | Avg: 3.78938 | Max: 3.79168
	Number of CG/GMRES iterations: 11


+---------------------------------------------+------------+------------+
| Total wallclock time elapsed since start    |      77.6s |            |
|                                             |            |            |
| Section                         | no. calls |  wall time | % of total |
+---------------------------------+-----------+------------+------------+
| Assemble right-hand side        |         1 |     0.948s |       1.2% |
| Generate mesh                   |         1 |        13s |        17% |
| Setup                           |         1 |      8.03s |        10% |
| Setup multigrid                 |         1 |        12s |        15% |
| Solve                           |         1 |      43.7s |        56% |
| Solve: 1 multigrid V-cycle      |         1 |      10.5s |        14% |
| Solve: CG/GMRES                 |         1 |        29s |        37% |
| Solve: Preconditioner setup     |         1 |      3.97s |       5.1% |
+---------------------------------+-----------+------------+------------+


===========================================
Polynomial degree 2
Running with 2 MPI process(es)
Vectorization over 8 doubles = 512 bits (AVX512)
===========================================
Cycle 0:
	Number of active cells: 2097152
	Number of dofs: 16974593
	Memory (RSS) [GB] -> Sum: 7.584 | Avg: 3.792 | Max: 3.79416
	Number of CG/GMRES iterations: 11


+---------------------------------------------+------------+------------+
| Total wallclock time elapsed since start    |      74.5s |            |
|                                             |            |            |
| Section                         | no. calls |  wall time | % of total |
+---------------------------------+-----------+------------+------------+
| Assemble right-hand side        |         1 |         1s |       1.3% |
| Generate mesh                   |         1 |      12.1s |        16% |
| Setup                           |         1 |      7.45s |        10% |
| Setup multigrid                 |         1 |      12.2s |        16% |
| Solve                           |         1 |      41.7s |        56% |
| Solve: 1 multigrid V-cycle      |         1 |      10.2s |        14% |
| Solve: CG/GMRES                 |         1 |      27.2s |        36% |
| Solve: Preconditioner setup     |         1 |      4.14s |       5.6% |
+---------------------------------+-----------+------------+------------+


===========================================
Polynomial degree 2
Running with 4 MPI process(es)
Vectorization over 8 doubles = 512 bits (AVX512)
===========================================
Cycle 0:
	Number of active cells: 2097152
	Number of dofs: 16974593
	Memory (RSS) [GB] -> Sum: 8.04465 | Avg: 2.01116 | Max: 2.02437
	Number of CG/GMRES iterations: 11


+---------------------------------------------+------------+------------+
| Total wallclock time elapsed since start    |      54.5s |            |
|                                             |            |            |
| Section                         | no. calls |  wall time | % of total |
+---------------------------------+-----------+------------+------------+
| Assemble right-hand side        |         1 |     0.593s |       1.1% |
| Generate mesh                   |         1 |      10.1s |        19% |
| Setup                           |         1 |      6.14s |        11% |
| Setup multigrid                 |         1 |      8.88s |        16% |
| Solve                           |         1 |      28.8s |        53% |
| Solve: 1 multigrid V-cycle      |         1 |      7.15s |        13% |
| Solve: CG/GMRES                 |         1 |      18.5s |        34% |
| Solve: Preconditioner setup     |         1 |      3.03s |       5.6% |
+---------------------------------+-----------+------------+------------+


===========================================
Polynomial degree 2
Running with 4 MPI process(es)
Vectorization over 8 doubles = 512 bits (AVX512)
===========================================
Cycle 0:
	Number of active cells: 2097152
	Number of dofs: 16974593
	Memory (RSS) [GB] -> Sum: 8.06069 | Avg: 2.01517 | Max: 2.02662
	Number of CG/GMRES iterations: 11


+---------------------------------------------+------------+------------+
| Total wallclock time elapsed since start    |      47.7s |            |
|                                             |            |            |
| Section                         | no. calls |  wall time | % of total |
+---------------------------------+-----------+------------+------------+
| Assemble right-hand side        |         1 |     0.553s |       1.2% |
| Generate mesh                   |         1 |      9.06s |        19% |
| Setup                           |         1 |      5.08s |        11% |
| Setup multigrid                 |         1 |      8.34s |        17% |
| Solve                           |         1 |      24.7s |        52% |
| Solve: 1 multigrid V-cycle      |         1 |      5.94s |        12% |
| Solve: CG/GMRES                 |         1 |      15.6s |        33% |
| Solve: Preconditioner setup     |         1 |      3.09s |       6.5% |
+---------------------------------+-----------+------------+------------+


===========================================
Polynomial degree 2
Running with 8 MPI process(es)
Vectorization over 8 doubles = 512 bits (AVX512)
===========================================
Cycle 0:
	Number of active cells: 2097152
	Number of dofs: 16974593
	Memory (RSS) [GB] -> Sum: 8.90543 | Avg: 1.11318 | Max: 1.12805
	Number of CG/GMRES iterations: 11


+---------------------------------------------+------------+------------+
| Total wallclock time elapsed since start    |      31.7s |            |
|                                             |            |            |
| Section                         | no. calls |  wall time | % of total |
+---------------------------------+-----------+------------+------------+
| Assemble right-hand side        |         1 |     0.302s |      0.95% |
| Generate mesh                   |         1 |      5.34s |        17% |
| Setup                           |         1 |      3.54s |        11% |
| Setup multigrid                 |         1 |      4.74s |        15% |
| Solve                           |         1 |      17.7s |        56% |
| Solve: 1 multigrid V-cycle      |         1 |      5.18s |        16% |
| Solve: CG/GMRES                 |         1 |      10.7s |        34% |
| Solve: Preconditioner setup     |         1 |      1.79s |       5.6% |
+---------------------------------+-----------+------------+------------+


===========================================
Polynomial degree 2
Running with 8 MPI process(es)
Vectorization over 8 doubles = 512 bits (AVX512)
===========================================
Cycle 0:
	Number of active cells: 2097152
	Number of dofs: 16974593
	Memory (RSS) [GB] -> Sum: 8.91776 | Avg: 1.11472 | Max: 1.12108
	Number of CG/GMRES iterations: 11


+---------------------------------------------+------------+------------+
| Total wallclock time elapsed since start    |      25.1s |            |
|                                             |            |            |
| Section                         | no. calls |  wall time | % of total |
+---------------------------------+-----------+------------+------------+
| Assemble right-hand side        |         1 |     0.261s |         1% |
| Generate mesh                   |         1 |      4.63s |        18% |
| Setup                           |         1 |      2.68s |        11% |
| Setup multigrid                 |         1 |       4.3s |        17% |
| Solve                           |         1 |      13.2s |        53% |
| Solve: 1 multigrid V-cycle      |         1 |      3.18s |        13% |
| Solve: CG/GMRES                 |         1 |      8.34s |        33% |
| Solve: Preconditioner setup     |         1 |      1.63s |       6.5% |
+---------------------------------+-----------+------------+------------+


===========================================
Polynomial degree 2
Running with 16 MPI process(es)
Vectorization over 8 doubles = 512 bits (AVX512)
===========================================
Cycle 0:
	Number of active cells: 2097152
	Number of dofs: 16974593
	Memory (RSS) [GB] -> Sum: 10.6849 | Avg: 0.667808 | Max: 0.674465
	Number of CG/GMRES iterations: 11


+---------------------------------------------+------------+------------+
| Total wallclock time elapsed since start    |        21s |            |
|                                             |            |            |
| Section                         | no. calls |  wall time | % of total |
+---------------------------------+-----------+------------+------------+
| Assemble right-hand side        |         1 |     0.179s |      0.85% |
| Generate mesh                   |         1 |      3.07s |        15% |
| Setup                           |         1 |      1.89s |         9% |
| Setup multigrid                 |         1 |      2.74s |        13% |
| Solve                           |         1 |      13.1s |        62% |
| Solve: 1 multigrid V-cycle      |         1 |      3.05s |        15% |
| Solve: CG/GMRES                 |         1 |      8.93s |        43% |
| Solve: Preconditioner setup     |         1 |     0.984s |       4.7% |
+---------------------------------+-----------+------------+------------+


===========================================
Polynomial degree 2
Running with 16 MPI process(es)
Vectorization over 8 doubles = 512 bits (AVX512)
===========================================
Cycle 0:
	Number of active cells: 2097152
	Number of dofs: 16974593
	Memory (RSS) [GB] -> Sum: 10.6649 | Avg: 0.666554 | Max: 0.674194
	Number of CG/GMRES iterations: 11


+---------------------------------------------+------------+------------+
| Total wallclock time elapsed since start    |      14.4s |            |
|                                             |            |            |
| Section                         | no. calls |  wall time | % of total |
+---------------------------------+-----------+------------+------------+
| Assemble right-hand side        |         1 |     0.141s |      0.98% |
| Generate mesh                   |         1 |      2.77s |        19% |
| Setup                           |         1 |      1.56s |        11% |
| Setup multigrid                 |         1 |      2.43s |        17% |
| Solve                           |         1 |      7.53s |        52% |
| Solve: 1 multigrid V-cycle      |         1 |      1.87s |        13% |
| Solve: CG/GMRES                 |         1 |      4.74s |        33% |
| Solve: Preconditioner setup     |         1 |     0.847s |       5.9% |
+---------------------------------+-----------+------------+------------+


===========================================
Polynomial degree 2
Running with 32 MPI process(es)
Vectorization over 8 doubles = 512 bits (AVX512)
===========================================
Cycle 0:
	Number of active cells: 2097152
	Number of dofs: 16974593
	Memory (RSS) [GB] -> Sum: 14.0585 | Avg: 0.43933 | Max: 0.443966
	Number of CG/GMRES iterations: 11


+---------------------------------------------+------------+------------+
| Total wallclock time elapsed since start    |      18.5s |            |
|                                             |            |            |
| Section                         | no. calls |  wall time | % of total |
+---------------------------------+-----------+------------+------------+
| Assemble right-hand side        |         1 |     0.198s |       1.1% |
| Generate mesh                   |         1 |      4.76s |        26% |
| Setup                           |         1 |      1.55s |       8.4% |
| Setup multigrid                 |         1 |      2.84s |        15% |
| Solve                           |         1 |      9.12s |        49% |
| Solve: 1 multigrid V-cycle      |         1 |      2.48s |        13% |
| Solve: CG/GMRES                 |         1 |      5.56s |        30% |
| Solve: Preconditioner setup     |         1 |     0.912s |       4.9% |
+---------------------------------+-----------+------------+------------+


===========================================
Polynomial degree 2
Running with 32 MPI process(es)
Vectorization over 8 doubles = 512 bits (AVX512)
===========================================
Cycle 0:
	Number of active cells: 2097152
	Number of dofs: 16974593
	Memory (RSS) [GB] -> Sum: 14.0521 | Avg: 0.439127 | Max: 0.443184
	Number of CG/GMRES iterations: 11


+---------------------------------------------+------------+------------+
| Total wallclock time elapsed since start    |      9.04s |            |
|                                             |            |            |
| Section                         | no. calls |  wall time | % of total |
+---------------------------------+-----------+------------+------------+
| Assemble right-hand side        |         1 |    0.0838s |      0.93% |
| Generate mesh                   |         1 |       1.6s |        18% |
| Setup                           |         1 |     0.942s |        10% |
| Setup multigrid                 |         1 |      1.55s |        17% |
| Solve                           |         1 |      4.85s |        54% |
| Solve: 1 multigrid V-cycle      |         1 |      1.27s |        14% |
| Solve: CG/GMRES                 |         1 |      3.07s |        34% |
| Solve: Preconditioner setup     |         1 |     0.457s |       5.1% |
+---------------------------------+-----------+------------+------------+