===========================================
Polynomial degree 2
Running with 32 MPI process(es)
Vectorization over 8 doubles = 512 bits (AVX512)
===========================================
Cycle 0:
	Number of active cells: 4096
	Number of dofs: 35937
	Memory (RSS) [GB] -> Sum: 6.5971 | Avg: 0.206159 | Max: 0.208195
	Number of CG/GMRES iterations: 11


+---------------------------------------------+------------+------------+
| Total wallclock time elapsed since start    |       1.4s |            |
|                                             |            |            |
| Section                         | no. calls |  wall time | % of total |
+---------------------------------+-----------+------------+------------+
| Assemble right-hand side        |         1 |    0.0055s |      0.39% |
| Generate mesh                   |         1 |     0.917s |        65% |
| Setup                           |         1 |     0.121s |       8.7% |
| Setup multigrid                 |         1 |     0.173s |        12% |
| Solve                           |         1 |    0.0742s |       5.3% |
| Solve: 1 multigrid V-cycle      |         1 |    0.0334s |       2.4% |
| Solve: CG/GMRES                 |         1 |    0.0218s |       1.6% |
| Solve: Preconditioner setup     |         1 |   0.00659s |      0.47% |
+---------------------------------+-----------+------------+------------+


Cycle 1:
	Number of active cells: 32768
	Number of dofs: 274625
	Memory (RSS) [GB] -> Sum: 6.78426 | Avg: 0.212008 | Max: 0.214607
	Number of CG/GMRES iterations: 11


+---------------------------------------------+------------+------------+
| Total wallclock time elapsed since start    |      1.15s |            |
|                                             |            |            |
| Section                         | no. calls |  wall time | % of total |
+---------------------------------+-----------+------------+------------+
| Assemble right-hand side        |         1 |   0.00685s |       0.6% |
| Setup                           |         1 |    0.0511s |       4.4% |
| Setup multigrid                 |         1 |    0.0739s |       6.4% |
| Solve                           |         1 |     0.648s |        56% |
| Solve: 1 multigrid V-cycle      |         1 |      0.41s |        36% |
| Solve: CG/GMRES                 |         1 |     0.169s |        15% |
| Solve: Preconditioner setup     |         1 |    0.0413s |       3.6% |
+---------------------------------+-----------+------------+------------+


Cycle 2:
	Number of active cells: 262144
	Number of dofs: 2146689
	Memory (RSS) [GB] -> Sum: 7.67815 | Avg: 0.239942 | Max: 0.242962
	Number of CG/GMRES iterations: 11


+---------------------------------------------+------------+------------+
| Total wallclock time elapsed since start    |      2.94s |            |
|                                             |            |            |
| Section                         | no. calls |  wall time | % of total |
+---------------------------------+-----------+------------+------------+
| Assemble right-hand side        |         1 |    0.0181s |      0.62% |
| Setup                           |         1 |     0.191s |       6.5% |
| Setup multigrid                 |         1 |     0.406s |        14% |
| Solve                           |         1 |     0.894s |        30% |
| Solve: 1 multigrid V-cycle      |         1 |      0.21s |       7.2% |
| Solve: CG/GMRES                 |         1 |     0.588s |        20% |
| Solve: Preconditioner setup     |         1 |    0.0786s |       2.7% |
+---------------------------------+-----------+------------+------------+


Cycle 3:
	Number of active cells: 2097152
	Number of dofs: 16974593
	Memory (RSS) [GB] -> Sum: 14.2459 | Avg: 0.445186 | Max: 0.451218
	Number of CG/GMRES iterations: 11


+---------------------------------------------+------------+------------+
| Total wallclock time elapsed since start    |      19.2s |            |
|                                             |            |            |
| Section                         | no. calls |  wall time | % of total |
+---------------------------------+-----------+------------+------------+
| Assemble right-hand side        |         1 |     0.103s |      0.53% |
| Setup                           |         1 |      1.13s |       5.9% |
| Setup multigrid                 |         1 |      1.86s |       9.6% |
| Solve                           |         1 |      6.74s |        35% |
| Solve: 1 multigrid V-cycle      |         1 |      1.59s |       8.3% |
| Solve: CG/GMRES                 |         1 |      4.42s |        23% |
| Solve: Preconditioner setup     |         1 |     0.648s |       3.4% |
+---------------------------------+-----------+------------+------------+


Cycle 4:
	Number of active cells: 16777216
	Number of dofs: 135005697
	Memory (RSS) [GB] -> Sum: 65.0292 | Avg: 2.03216 | Max: 2.06595
	Number of CG/GMRES iterations: 11


+---------------------------------------------+------------+------------+
| Total wallclock time elapsed since start    |      66.5s |            |
|                                             |            |            |
| Section                         | no. calls |  wall time | % of total |
+---------------------------------+-----------+------------+------------+
| Assemble right-hand side        |         1 |     0.695s |         1% |
| Setup                           |         1 |      7.25s |        11% |
| Setup multigrid                 |         1 |      10.7s |        16% |
| Solve                           |         1 |      47.8s |        72% |
| Solve: 1 multigrid V-cycle      |         1 |      12.3s |        18% |
| Solve: CG/GMRES                 |         1 |      31.4s |        47% |
| Solve: Preconditioner setup     |         1 |       3.8s |       5.7% |
+---------------------------------+-----------+------------+------------+


===========================================
Polynomial degree 2
Running with 32 MPI process(es)
Vectorization over 8 doubles = 512 bits (AVX512)
===========================================
Cycle 0:
	Number of active cells: 4096
	Number of dofs: 35937
	Memory (RSS) [GB] -> Sum: 6.57379 | Avg: 0.205431 | Max: 0.208115
	Number of CG/GMRES iterations: 11


+---------------------------------------------+------------+------------+
| Total wallclock time elapsed since start    |     0.765s |            |
|                                             |            |            |
| Section                         | no. calls |  wall time | % of total |
+---------------------------------+-----------+------------+------------+
| Assemble right-hand side        |         1 |    0.0109s |       1.4% |
| Generate mesh                   |         1 |     0.289s |        38% |
| Setup                           |         1 |    0.0814s |        11% |
| Setup multigrid                 |         1 |      0.11s |        14% |
| Solve                           |         1 |     0.192s |        25% |
| Solve: 1 multigrid V-cycle      |         1 |     0.115s |        15% |
| Solve: CG/GMRES                 |         1 |     0.018s |       2.4% |
| Solve: Preconditioner setup     |         1 |    0.0409s |       5.3% |
+---------------------------------+-----------+------------+------------+


Cycle 1:
	Number of active cells: 32768
	Number of dofs: 274625
	Memory (RSS) [GB] -> Sum: 6.76207 | Avg: 0.211315 | Max: 0.214397
	Number of CG/GMRES iterations: 11


+---------------------------------------------+------------+------------+
| Total wallclock time elapsed since start    |     0.791s |            |
|                                             |            |            |
| Section                         | no. calls |  wall time | % of total |
+---------------------------------+-----------+------------+------------+
| Assemble right-hand side        |         1 |   0.00727s |      0.92% |
| Setup                           |         1 |     0.114s |        14% |
| Setup multigrid                 |         1 |     0.125s |        16% |
| Solve                           |         1 |     0.274s |        35% |
| Solve: 1 multigrid V-cycle      |         1 |    0.0601s |       7.6% |
| Solve: CG/GMRES                 |         1 |     0.166s |        21% |
| Solve: Preconditioner setup     |         1 |    0.0344s |       4.4% |
+---------------------------------+-----------+------------+------------+


Cycle 2:
	Number of active cells: 262144
	Number of dofs: 2146689
	Memory (RSS) [GB] -> Sum: 7.65362 | Avg: 0.239176 | Max: 0.243191
	Number of CG/GMRES iterations: 11


+---------------------------------------------+------------+------------+
| Total wallclock time elapsed since start    |      2.91s |            |
|                                             |            |            |
| Section                         | no. calls |  wall time | % of total |
+---------------------------------+-----------+------------+------------+
| Assemble right-hand side        |         1 |      0.03s |         1% |
| Setup                           |         1 |     0.186s |       6.4% |
| Setup multigrid                 |         1 |     0.387s |        13% |
| Solve                           |         1 |     0.898s |        31% |
| Solve: 1 multigrid V-cycle      |         1 |     0.192s |       6.6% |
| Solve: CG/GMRES                 |         1 |     0.586s |        20% |
| Solve: Preconditioner setup     |         1 |     0.102s |       3.5% |
+---------------------------------+-----------+------------+------------+


Cycle 3:
	Number of active cells: 2097152
	Number of dofs: 16974593
	Memory (RSS) [GB] -> Sum: 14.2219 | Avg: 0.444435 | Max: 0.44894
	Number of CG/GMRES iterations: 11


+---------------------------------------------+------------+------------+
| Total wallclock time elapsed since start    |      18.1s |            |
|                                             |            |            |
| Section                         | no. calls |  wall time | % of total |
+---------------------------------+-----------+------------+------------+
| Assemble right-hand side        |         1 |     0.103s |      0.57% |
| Setup                           |         1 |      1.11s |       6.1% |
| Setup multigrid                 |         1 |      1.82s |        10% |
| Solve                           |         1 |      6.16s |        34% |
| Solve: 1 multigrid V-cycle      |         1 |      1.52s |       8.4% |
| Solve: CG/GMRES                 |         1 |      3.91s |        22% |
| Solve: Preconditioner setup     |         1 |     0.672s |       3.7% |
+---------------------------------+-----------+------------+------------+


Cycle 4:
	Number of active cells: 16777216
	Number of dofs: 135005697
	Memory (RSS) [GB] -> Sum: 64.9693 | Avg: 2.03029 | Max: 2.04281
	Number of CG/GMRES iterations: 11


+---------------------------------------------+------------+------------+
| Total wallclock time elapsed since start    |      55.6s |            |
|                                             |            |            |
| Section                         | no. calls |  wall time | % of total |
+---------------------------------+-----------+------------+------------+
| Assemble right-hand side        |         1 |     0.672s |       1.2% |
| Setup                           |         1 |      6.87s |        12% |
| Setup multigrid                 |         1 |      10.2s |        18% |
| Solve                           |         1 |      37.9s |        68% |
| Solve: 1 multigrid V-cycle      |         1 |        10s |        18% |
| Solve: CG/GMRES                 |         1 |      24.2s |        44% |
| Solve: Preconditioner setup     |         1 |      3.37s |       6.1% |
+---------------------------------+-----------+------------+------------+