===========================================
Polynomial degree 2
Running with 1 MPI process(es)
Vectorization over 8 doubles = 512 bits (AVX512)
===========================================
Cycle 0:
	Number of active cells: 32768
	Number of dofs: 274625
	Memory (RSS) [GB] -> Sum: 0.339478 | Avg: 0.339478 | Max: 0.339478
	Number of CG/GMRES iterations: 11


+---------------------------------------------+------------+------------+
| Total wallclock time elapsed since start    |      1.92s |            |
|                                             |            |            |
| Section                         | no. calls |  wall time | % of total |
+---------------------------------+-----------+------------+------------+
| Assemble right-hand side        |         1 |    0.0238s |       1.2% |
| Generate mesh                   |         1 |     0.293s |        15% |
| Setup                           |         1 |     0.211s |        11% |
| Setup multigrid                 |         1 |     0.366s |        19% |
| Solve                           |         1 |      1.03s |        54% |
| Solve: 1 multigrid V-cycle      |         1 |      0.25s |        13% |
| Solve: CG/GMRES                 |         1 |     0.678s |        35% |
| Solve: Preconditioner setup     |         1 |    0.0968s |         5% |
+---------------------------------+-----------+------------+------------+


===========================================
Polynomial degree 2
Running with 1 MPI process(es)
Vectorization over 8 doubles = 512 bits (AVX512)
===========================================
Cycle 0:
	Number of active cells: 32768
	Number of dofs: 274625
	Memory (RSS) [GB] -> Sum: 0.340668 | Avg: 0.340668 | Max: 0.340668
	Number of CG/GMRES iterations: 11


+---------------------------------------------+------------+------------+
| Total wallclock time elapsed since start    |      2.05s |            |
|                                             |            |            |
| Section                         | no. calls |  wall time | % of total |
+---------------------------------+-----------+------------+------------+
| Assemble right-hand side        |         1 |    0.0241s |       1.2% |
| Generate mesh                   |         1 |     0.349s |        17% |
| Setup                           |         1 |     0.234s |        11% |
| Setup multigrid                 |         1 |     0.383s |        19% |
| Solve                           |         1 |      1.06s |        52% |
| Solve: 1 multigrid V-cycle      |         1 |     0.259s |        13% |
| Solve: CG/GMRES                 |         1 |     0.689s |        34% |
| Solve: Preconditioner setup     |         1 |     0.107s |       5.2% |
+---------------------------------+-----------+------------+------------+


===========================================
Polynomial degree 2
Running with 2 MPI process(es)
Vectorization over 8 doubles = 512 bits (AVX512)
===========================================
Cycle 0:
	Number of active cells: 65536
	Number of dofs: 545025
	Memory (RSS) [GB] -> Sum: 0.648232 | Avg: 0.324116 | Max: 0.324764
	Number of CG/GMRES iterations: 11


+---------------------------------------------+------------+------------+
| Total wallclock time elapsed since start    |       2.3s |            |
|                                             |            |            |
| Section                         | no. calls |  wall time | % of total |
+---------------------------------+-----------+------------+------------+
| Assemble right-hand side        |         1 |    0.0268s |       1.2% |
| Generate mesh                   |         1 |     0.503s |        22% |
| Setup                           |         1 |     0.243s |        11% |
| Setup multigrid                 |         1 |     0.422s |        18% |
| Solve                           |         1 |      1.09s |        48% |
| Solve: 1 multigrid V-cycle      |         1 |     0.272s |        12% |
| Solve: CG/GMRES                 |         1 |     0.698s |        30% |
| Solve: Preconditioner setup     |         1 |     0.117s |       5.1% |
+---------------------------------+-----------+------------+------------+


===========================================
Polynomial degree 2
Running with 2 MPI process(es)
Vectorization over 8 doubles = 512 bits (AVX512)
===========================================
Cycle 0:
	Number of active cells: 65536
	Number of dofs: 545025
	Memory (RSS) [GB] -> Sum: 0.6502 | Avg: 0.3251 | Max: 0.326485
	Number of CG/GMRES iterations: 11


+---------------------------------------------+------------+------------+
| Total wallclock time elapsed since start    |      2.65s |            |
|                                             |            |            |
| Section                         | no. calls |  wall time | % of total |
+---------------------------------+-----------+------------+------------+
| Assemble right-hand side        |         1 |    0.0344s |       1.3% |
| Generate mesh                   |         1 |     0.682s |        26% |
| Setup                           |         1 |     0.382s |        14% |
| Setup multigrid                 |         1 |     0.422s |        16% |
| Solve                           |         1 |      1.13s |        43% |
| Solve: 1 multigrid V-cycle      |         1 |     0.266s |        10% |
| Solve: CG/GMRES                 |         1 |     0.742s |        28% |
| Solve: Preconditioner setup     |         1 |     0.114s |       4.3% |
+---------------------------------+-----------+------------+------------+


===========================================
Polynomial degree 2
Running with 4 MPI process(es)
Vectorization over 8 doubles = 512 bits (AVX512)
===========================================
Cycle 0:
	Number of active cells: 131072
	Number of dofs: 1081665
	Memory (RSS) [GB] -> Sum: 1.33784 | Avg: 0.33446 | Max: 0.335392
	Number of CG/GMRES iterations: 11


+---------------------------------------------+------------+------------+
| Total wallclock time elapsed since start    |      2.69s |            |
|                                             |            |            |
| Section                         | no. calls |  wall time | % of total |
+---------------------------------+-----------+------------+------------+
| Assemble right-hand side        |         1 |    0.0356s |       1.3% |
| Generate mesh                   |         1 |     0.627s |        23% |
| Setup                           |         1 |     0.223s |       8.3% |
| Setup multigrid                 |         1 |     0.562s |        21% |
| Solve                           |         1 |      1.24s |        46% |
| Solve: 1 multigrid V-cycle      |         1 |     0.316s |        12% |
| Solve: CG/GMRES                 |         1 |     0.728s |        27% |
| Solve: Preconditioner setup     |         1 |     0.188s |         7% |
+---------------------------------+-----------+------------+------------+


===========================================
Polynomial degree 2
Running with 4 MPI process(es)
Vectorization over 8 doubles = 512 bits (AVX512)
===========================================
Cycle 0:
	Number of active cells: 131072
	Number of dofs: 1081665
	Memory (RSS) [GB] -> Sum: 1.336 | Avg: 0.334 | Max: 0.335659
	Number of CG/GMRES iterations: 11


+---------------------------------------------+------------+------------+
| Total wallclock time elapsed since start    |      2.92s |            |
|                                             |            |            |
| Section                         | no. calls |  wall time | % of total |
+---------------------------------+-----------+------------+------------+
| Assemble right-hand side        |         1 |    0.0278s |      0.95% |
| Generate mesh                   |         1 |     0.776s |        27% |
| Setup                           |         1 |     0.345s |        12% |
| Setup multigrid                 |         1 |     0.477s |        16% |
| Solve                           |         1 |      1.29s |        44% |
| Solve: 1 multigrid V-cycle      |         1 |     0.264s |       9.1% |
| Solve: CG/GMRES                 |         1 |     0.883s |        30% |
| Solve: Preconditioner setup     |         1 |     0.131s |       4.5% |
+---------------------------------+-----------+------------+------------+


===========================================
Polynomial degree 2
Running with 8 MPI process(es)
Vectorization over 8 doubles = 512 bits (AVX512)
===========================================
Cycle 0:
	Number of active cells: 262144
	Number of dofs: 2146689
	Memory (RSS) [GB] -> Sum: 2.60423 | Avg: 0.325529 | Max: 0.325958
	Number of CG/GMRES iterations: 11


+---------------------------------------------+------------+------------+
| Total wallclock time elapsed since start    |      2.87s |            |
|                                             |            |            |
| Section                         | no. calls |  wall time | % of total |
+---------------------------------+-----------+------------+------------+
| Assemble right-hand side        |         1 |    0.0357s |       1.2% |
| Generate mesh                   |         1 |     0.718s |        25% |
| Setup                           |         1 |     0.334s |        12% |
| Setup multigrid                 |         1 |     0.516s |        18% |
| Solve                           |         1 |      1.26s |        44% |
| Solve: 1 multigrid V-cycle      |         1 |     0.325s |        11% |
| Solve: CG/GMRES                 |         1 |     0.737s |        26% |
| Solve: Preconditioner setup     |         1 |     0.181s |       6.3% |
+---------------------------------+-----------+------------+------------+


===========================================
Polynomial degree 2
Running with 8 MPI process(es)
Vectorization over 8 doubles = 512 bits (AVX512)
===========================================
Cycle 0:
	Number of active cells: 262144
	Number of dofs: 2146689
	Memory (RSS) [GB] -> Sum: 2.60794 | Avg: 0.325992 | Max: 0.327248
	Number of CG/GMRES iterations: 11


+---------------------------------------------+------------+------------+
| Total wallclock time elapsed since start    |      3.41s |            |
|                                             |            |            |
| Section                         | no. calls |  wall time | % of total |
+---------------------------------+-----------+------------+------------+
| Assemble right-hand side        |         1 |      0.04s |       1.2% |
| Generate mesh                   |         1 |     0.884s |        26% |
| Setup                           |         1 |     0.395s |        12% |
| Setup multigrid                 |         1 |     0.621s |        18% |
| Solve                           |         1 |      1.47s |        43% |
| Solve: 1 multigrid V-cycle      |         1 |     0.368s |        11% |
| Solve: CG/GMRES                 |         1 |     0.904s |        26% |
| Solve: Preconditioner setup     |         1 |     0.187s |       5.5% |
+---------------------------------+-----------+------------+------------+


===========================================
Polynomial degree 2
Running with 16 MPI process(es)
Vectorization over 8 doubles = 512 bits (AVX512)
===========================================
Cycle 0:
	Number of active cells: 524288
	Number of dofs: 4276737
	Memory (RSS) [GB] -> Sum: 5.17315 | Avg: 0.323322 | Max: 0.32476
	Number of CG/GMRES iterations: 11


+---------------------------------------------+------------+------------+
| Total wallclock time elapsed since start    |       3.6s |            |
|                                             |            |            |
| Section                         | no. calls |  wall time | % of total |
+---------------------------------+-----------+------------+------------+
| Assemble right-hand side        |         1 |    0.0372s |         1% |
| Generate mesh                   |         1 |     0.949s |        26% |
| Setup                           |         1 |       0.4s |        11% |
| Setup multigrid                 |         1 |     0.675s |        19% |
| Solve                           |         1 |      1.53s |        43% |
| Solve: 1 multigrid V-cycle      |         1 |     0.366s |        10% |
| Solve: CG/GMRES                 |         1 |     0.952s |        26% |
| Solve: Preconditioner setup     |         1 |     0.195s |       5.4% |
+---------------------------------+-----------+------------+------------+


===========================================
Polynomial degree 2
Running with 16 MPI process(es)
Vectorization over 8 doubles = 512 bits (AVX512)
===========================================
Cycle 0:
	Number of active cells: 524288
	Number of dofs: 4276737
	Memory (RSS) [GB] -> Sum: 5.16951 | Avg: 0.323094 | Max: 0.325436
	Number of CG/GMRES iterations: 11


+---------------------------------------------+------------+------------+
| Total wallclock time elapsed since start    |      3.85s |            |
|                                             |            |            |
| Section                         | no. calls |  wall time | % of total |
+---------------------------------+-----------+------------+------------+
| Assemble right-hand side        |         1 |    0.0435s |       1.1% |
| Generate mesh                   |         1 |      1.02s |        26% |
| Setup                           |         1 |     0.407s |        11% |
| Setup multigrid                 |         1 |     0.678s |        18% |
| Solve                           |         1 |      1.68s |        44% |
| Solve: 1 multigrid V-cycle      |         1 |     0.411s |        11% |
| Solve: CG/GMRES                 |         1 |      1.04s |        27% |
| Solve: Preconditioner setup     |         1 |     0.215s |       5.6% |
+---------------------------------+-----------+------------+------------+


===========================================
Polynomial degree 2
Running with 32 MPI process(es)
Vectorization over 8 doubles = 512 bits (AVX512)
===========================================
Cycle 0:
	Number of active cells: 1048576
	Number of dofs: 8520321
	Memory (RSS) [GB] -> Sum: 10.3435 | Avg: 0.323233 | Max: 0.32674
	Number of CG/GMRES iterations: 11


+---------------------------------------------+------------+------------+
| Total wallclock time elapsed since start    |      4.42s |            |
|                                             |            |            |
| Section                         | no. calls |  wall time | % of total |
+---------------------------------+-----------+------------+------------+
| Assemble right-hand side        |         1 |    0.0511s |       1.2% |
| Generate mesh                   |         1 |      1.08s |        24% |
| Setup                           |         1 |     0.518s |        12% |
| Setup multigrid                 |         1 |     0.806s |        18% |
| Solve                           |         1 |      1.93s |        44% |
| Solve: 1 multigrid V-cycle      |         1 |     0.498s |        11% |
| Solve: CG/GMRES                 |         1 |      1.19s |        27% |
| Solve: Preconditioner setup     |         1 |     0.219s |         5% |
+---------------------------------+-----------+------------+------------+


===========================================
Polynomial degree 2
Running with 32 MPI process(es)
Vectorization over 8 doubles = 512 bits (AVX512)
===========================================
Cycle 0:
	Number of active cells: 1048576
	Number of dofs: 8520321
	Memory (RSS) [GB] -> Sum: 10.3545 | Avg: 0.323578 | Max: 0.326862
	Number of CG/GMRES iterations: 11


+---------------------------------------------+------------+------------+
| Total wallclock time elapsed since start    |      4.41s |            |
|                                             |            |            |
| Section                         | no. calls |  wall time | % of total |
+---------------------------------+-----------+------------+------------+
| Assemble right-hand side        |         1 |    0.0454s |         1% |
| Generate mesh                   |         1 |      1.12s |        25% |
| Setup                           |         1 |     0.477s |        11% |
| Setup multigrid                 |         1 |     0.784s |        18% |
| Solve                           |         1 |      1.97s |        45% |
| Solve: 1 multigrid V-cycle      |         1 |     0.482s |        11% |
| Solve: CG/GMRES                 |         1 |      1.24s |        28% |
| Solve: Preconditioner setup     |         1 |     0.223s |       5.1% |
+---------------------------------+-----------+------------+------------+


===========================================
Polynomial degree 2
Running with 32 MPI process(es)
Vectorization over 8 doubles = 512 bits (AVX512)
===========================================
Cycle 0:
	Number of active cells: 1048576
	Number of dofs: 8520321
	Memory (RSS) [GB] -> Sum: 10.345 | Avg: 0.323282 | Max: 0.326706
	Number of CG/GMRES iterations: 11


+---------------------------------------------+------------+------------+
| Total wallclock time elapsed since start    |      4.34s |            |
|                                             |            |            |
| Section                         | no. calls |  wall time | % of total |
+---------------------------------+-----------+------------+------------+
| Assemble right-hand side        |         1 |    0.0475s |       1.1% |
| Generate mesh                   |         1 |      1.08s |        25% |
| Setup                           |         1 |      0.46s |        11% |
| Setup multigrid                 |         1 |     0.757s |        17% |
| Solve                           |         1 |      1.96s |        45% |
| Solve: 1 multigrid V-cycle      |         1 |     0.536s |        12% |
| Solve: CG/GMRES                 |         1 |      1.14s |        26% |
| Solve: Preconditioner setup     |         1 |     0.254s |       5.9% |
+---------------------------------+-----------+------------+------------+