===========================================
Polynomial degree 2
Running with 1 MPI process(es)
===========================================
Cycle 0:
	Number of active cells: 32768
	Number of dofs: 274625
	Memory (RSS) [GB] -> Sum: 0.592121 | Avg: 0.592121 | Max: 0.592121
	Number of CG/GMRES iterations: 35


+---------------------------------------------+------------+------------+
| Total wallclock time elapsed since start    |      14.6s |            |
|                                             |            |            |
| Section                         | no. calls |  wall time | % of total |
+---------------------------------+-----------+------------+------------+
| Assembly                        |         1 |       5.9s |        40% |
| Generate mesh                   |         1 |     0.211s |       1.4% |
| Setup                           |         1 |      1.21s |       8.3% |
| Solve                           |         1 |      7.29s |        50% |
| Solve: 1 multigrid V-cycle      |         1 |     0.104s |      0.71% |
| Solve: CG/GMRES                 |         1 |      5.59s |        38% |
| Solve: Preconditioner setup     |         1 |      1.59s |        11% |
+---------------------------------+-----------+------------+------------+


===========================================
Polynomial degree 2
Running with 1 MPI process(es)
===========================================
Cycle 0:
	Number of active cells: 32768
	Number of dofs: 274625
	Memory (RSS) [GB] -> Sum: 0.591858 | Avg: 0.591858 | Max: 0.591858
	Number of CG/GMRES iterations: 35


+---------------------------------------------+------------+------------+
| Total wallclock time elapsed since start    |      13.6s |            |
|                                             |            |            |
| Section                         | no. calls |  wall time | % of total |
+---------------------------------+-----------+------------+------------+
| Assembly                        |         1 |      5.21s |        38% |
| Generate mesh                   |         1 |     0.202s |       1.5% |
| Setup                           |         1 |      1.15s |       8.4% |
| Solve                           |         1 |      7.08s |        52% |
| Solve: 1 multigrid V-cycle      |         1 |     0.103s |      0.76% |
| Solve: CG/GMRES                 |         1 |      5.39s |        40% |
| Solve: Preconditioner setup     |         1 |      1.58s |        12% |
+---------------------------------+-----------+------------+------------+


===========================================
Polynomial degree 2
Running with 2 MPI process(es)
===========================================
Cycle 0:
	Number of active cells: 65536
	Number of dofs: 545025
	Memory (RSS) [GB] -> Sum: 1.21934 | Avg: 0.609671 | Max: 0.610172
	Number of CG/GMRES iterations: 35


+---------------------------------------------+------------+------------+
| Total wallclock time elapsed since start    |      16.2s |            |
|                                             |            |            |
| Section                         | no. calls |  wall time | % of total |
+---------------------------------+-----------+------------+------------+
| Assembly                        |         1 |      6.28s |        39% |
| Generate mesh                   |         1 |     0.248s |       1.5% |
| Setup                           |         1 |      1.46s |         9% |
| Solve                           |         1 |      8.22s |        51% |
| Solve: 1 multigrid V-cycle      |         1 |     0.122s |      0.75% |
| Solve: CG/GMRES                 |         1 |      6.25s |        39% |
| Solve: Preconditioner setup     |         1 |      1.75s |        11% |
+---------------------------------+-----------+------------+------------+


===========================================
Polynomial degree 2
Running with 2 MPI process(es)
===========================================
Cycle 0:
	Number of active cells: 65536
	Number of dofs: 545025
	Memory (RSS) [GB] -> Sum: 1.21218 | Avg: 0.606091 | Max: 0.606766
	Number of CG/GMRES iterations: 35


+---------------------------------------------+------------+------------+
| Total wallclock time elapsed since start    |      15.6s |            |
|                                             |            |            |
| Section                         | no. calls |  wall time | % of total |
+---------------------------------+-----------+------------+------------+
| Assembly                        |         1 |      5.97s |        38% |
| Generate mesh                   |         1 |     0.239s |       1.5% |
| Setup                           |         1 |      1.42s |       9.1% |
| Solve                           |         1 |      8.02s |        51% |
| Solve: 1 multigrid V-cycle      |         1 |     0.113s |      0.72% |
| Solve: CG/GMRES                 |         1 |      6.16s |        39% |
| Solve: Preconditioner setup     |         1 |      1.64s |        10% |
+---------------------------------+-----------+------------+------------+


===========================================
Polynomial degree 2
Running with 4 MPI process(es)
===========================================
Cycle 0:
	Number of active cells: 131072
	Number of dofs: 1081665
	Memory (RSS) [GB] -> Sum: 2.53179 | Avg: 0.632947 | Max: 0.646053
	Number of CG/GMRES iterations: 35


+---------------------------------------------+------------+------------+
| Total wallclock time elapsed since start    |      17.7s |            |
|                                             |            |            |
| Section                         | no. calls |  wall time | % of total |
+---------------------------------+-----------+------------+------------+
| Assembly                        |         1 |      6.28s |        36% |
| Generate mesh                   |         1 |     0.397s |       2.2% |
| Setup                           |         1 |      1.77s |        10% |
| Solve                           |         1 |      9.21s |        52% |
| Solve: 1 multigrid V-cycle      |         1 |     0.127s |      0.72% |
| Solve: CG/GMRES                 |         1 |      7.01s |        40% |
| Solve: Preconditioner setup     |         1 |      1.95s |        11% |
+---------------------------------+-----------+------------+------------+


===========================================
Polynomial degree 2
Running with 4 MPI process(es)
===========================================
Cycle 0:
	Number of active cells: 131072
	Number of dofs: 1081665
	Memory (RSS) [GB] -> Sum: 2.54563 | Avg: 0.636408 | Max: 0.65144
	Number of CG/GMRES iterations: 35


+---------------------------------------------+------------+------------+
| Total wallclock time elapsed since start    |      16.8s |            |
|                                             |            |            |
| Section                         | no. calls |  wall time | % of total |
+---------------------------------+-----------+------------+------------+
| Assembly                        |         1 |      6.02s |        36% |
| Generate mesh                   |         1 |     0.271s |       1.6% |
| Setup                           |         1 |      1.53s |       9.1% |
| Solve                           |         1 |      8.98s |        53% |
| Solve: 1 multigrid V-cycle      |         1 |     0.118s |       0.7% |
| Solve: CG/GMRES                 |         1 |      6.95s |        41% |
| Solve: Preconditioner setup     |         1 |      1.79s |        11% |
+---------------------------------+-----------+------------+------------+


===========================================
Polynomial degree 2
Running with 8 MPI process(es)
===========================================
Cycle 0:
	Number of active cells: 262144
	Number of dofs: 2146689
	Memory (RSS) [GB] -> Sum: 5.18933 | Avg: 0.648666 | Max: 0.657131
	Number of CG/GMRES iterations: 35


+---------------------------------------------+------------+------------+
| Total wallclock time elapsed since start    |      18.7s |            |
|                                             |            |            |
| Section                         | no. calls |  wall time | % of total |
+---------------------------------+-----------+------------+------------+
| Assembly                        |         1 |      6.26s |        33% |
| Generate mesh                   |         1 |     0.374s |         2% |
| Setup                           |         1 |       1.7s |       9.1% |
| Solve                           |         1 |      10.4s |        56% |
| Solve: 1 multigrid V-cycle      |         1 |     0.131s |       0.7% |
| Solve: CG/GMRES                 |         1 |      8.16s |        44% |
| Solve: Preconditioner setup     |         1 |      1.99s |        11% |
+---------------------------------+-----------+------------+------------+


===========================================
Polynomial degree 2
Running with 8 MPI process(es)
===========================================
Cycle 0:
	Number of active cells: 262144
	Number of dofs: 2146689
	Memory (RSS) [GB] -> Sum: 5.18435 | Avg: 0.648043 | Max: 0.660328
	Number of CG/GMRES iterations: 35


+---------------------------------------------+------------+------------+
| Total wallclock time elapsed since start    |      18.6s |            |
|                                             |            |            |
| Section                         | no. calls |  wall time | % of total |
+---------------------------------+-----------+------------+------------+
| Assembly                        |         1 |      6.31s |        34% |
| Generate mesh                   |         1 |     0.363s |         2% |
| Setup                           |         1 |      1.83s |       9.8% |
| Solve                           |         1 |      10.1s |        54% |
| Solve: 1 multigrid V-cycle      |         1 |     0.132s |      0.71% |
| Solve: CG/GMRES                 |         1 |      7.85s |        42% |
| Solve: Preconditioner setup     |         1 |      1.94s |        10% |
+---------------------------------+-----------+------------+------------+


===========================================
Polynomial degree 2
Running with 16 MPI process(es)
===========================================
Cycle 0:
	Number of active cells: 524288
	Number of dofs: 4276737
	Memory (RSS) [GB] -> Sum: 10.497 | Avg: 0.65606 | Max: 0.674129
	Number of CG/GMRES iterations: 34


+---------------------------------------------+------------+------------+
| Total wallclock time elapsed since start    |      22.6s |            |
|                                             |            |            |
| Section                         | no. calls |  wall time | % of total |
+---------------------------------+-----------+------------+------------+
| Assembly                        |         1 |      7.05s |        31% |
| Generate mesh                   |         1 |     0.465s |       2.1% |
| Setup                           |         1 |      1.96s |       8.7% |
| Solve                           |         1 |      13.1s |        58% |
| Solve: 1 multigrid V-cycle      |         1 |     0.277s |       1.2% |
| Solve: CG/GMRES                 |         1 |      9.55s |        42% |
| Solve: Preconditioner setup     |         1 |      3.12s |        14% |
+---------------------------------+-----------+------------+------------+


===========================================
Polynomial degree 2
Running with 16 MPI process(es)
===========================================
Cycle 0:
	Number of active cells: 524288
	Number of dofs: 4276737
	Memory (RSS) [GB] -> Sum: 10.5037 | Avg: 0.656479 | Max: 0.674706
	Number of CG/GMRES iterations: 34


+---------------------------------------------+------------+------------+
| Total wallclock time elapsed since start    |      20.9s |            |
|                                             |            |            |
| Section                         | no. calls |  wall time | % of total |
+---------------------------------+-----------+------------+------------+
| Assembly                        |         1 |      6.76s |        32% |
| Generate mesh                   |         1 |     0.667s |       3.2% |
| Setup                           |         1 |      1.94s |       9.3% |
| Solve                           |         1 |      11.6s |        55% |
| Solve: 1 multigrid V-cycle      |         1 |     0.156s |      0.75% |
| Solve: CG/GMRES                 |         1 |      8.91s |        43% |
| Solve: Preconditioner setup     |         1 |      2.35s |        11% |
+---------------------------------+-----------+------------+------------+


===========================================
Polynomial degree 2
Running with 32 MPI process(es)
===========================================
Cycle 0:
	Number of active cells: 1048576
	Number of dofs: 8520321
	Memory (RSS) [GB] -> Sum: 21.1791 | Avg: 0.661846 | Max: 0.679325
	Number of CG/GMRES iterations: 35


+---------------------------------------------+------------+------------+
| Total wallclock time elapsed since start    |      33.9s |            |
|                                             |            |            |
| Section                         | no. calls |  wall time | % of total |
+---------------------------------+-----------+------------+------------+
| Assembly                        |         1 |      11.3s |        33% |
| Generate mesh                   |         1 |       0.8s |       2.4% |
| Setup                           |         1 |      3.55s |        10% |
| Solve                           |         1 |      18.2s |        54% |
| Solve: 1 multigrid V-cycle      |         1 |     0.299s |      0.88% |
| Solve: CG/GMRES                 |         1 |      13.8s |        41% |
| Solve: Preconditioner setup     |         1 |      3.97s |        12% |
+---------------------------------+-----------+------------+------------+


===========================================
Polynomial degree 2
Running with 32 MPI process(es)
===========================================
Cycle 0:
	Number of active cells: 1048576
	Number of dofs: 8520321
	Memory (RSS) [GB] -> Sum: 21.1994 | Avg: 0.662482 | Max: 0.679996
	Number of CG/GMRES iterations: 35


+---------------------------------------------+------------+------------+
| Total wallclock time elapsed since start    |      34.3s |            |
|                                             |            |            |
| Section                         | no. calls |  wall time | % of total |
+---------------------------------+-----------+------------+------------+
| Assembly                        |         1 |      11.3s |        33% |
| Generate mesh                   |         1 |     0.786s |       2.3% |
| Setup                           |         1 |      3.42s |        10% |
| Solve                           |         1 |      18.8s |        55% |
| Solve: 1 multigrid V-cycle      |         1 |     0.312s |      0.91% |
| Solve: CG/GMRES                 |         1 |      14.5s |        42% |
| Solve: Preconditioner setup     |         1 |       3.7s |        11% |
+---------------------------------+-----------+------------+------------+


===========================================
Polynomial degree 2
Running with 32 MPI process(es)
===========================================
Cycle 0:
	Number of active cells: 1048576
	Number of dofs: 8520321
	Memory (RSS) [GB] -> Sum: 21.1893 | Avg: 0.662167 | Max: 0.680279
	Number of CG/GMRES iterations: 35


+---------------------------------------------+------------+------------+
| Total wallclock time elapsed since start    |      33.4s |            |
|                                             |            |            |
| Section                         | no. calls |  wall time | % of total |
+---------------------------------+-----------+------------+------------+
| Assembly                        |         1 |      11.3s |        34% |
| Generate mesh                   |         1 |     0.795s |       2.4% |
| Setup                           |         1 |      3.39s |        10% |
| Solve                           |         1 |      17.9s |        54% |
| Solve: 1 multigrid V-cycle      |         1 |     0.268s |       0.8% |
| Solve: CG/GMRES                 |         1 |      13.8s |        41% |
| Solve: Preconditioner setup     |         1 |      3.63s |        11% |
+---------------------------------+-----------+------------+------------+